stm32f4xx_hal_msp.c:64:6:HAL_MspInit	8	static
stm32f4xx_hal_msp.c:86:6:HAL_CRC_MspInit	8	static
stm32f4xx_hal_msp.c:108:6:HAL_CRC_MspDeInit	0	static
stm32f4xx_hal_msp.c:130:6:HAL_I2C_MspInit	56	static
stm32f4xx_hal_msp.c:174:6:HAL_I2C_MspDeInit	8	static
stm32f4xx_hal_msp.c:205:6:HAL_LTDC_MspInit	72	static
stm32f4xx_hal_msp.c:319:6:HAL_LTDC_MspDeInit	8	static
stm32f4xx_hal_msp.c:383:6:HAL_SPI_MspInit	40	static
stm32f4xx_hal_msp.c:420:6:HAL_SPI_MspDeInit	0	static
stm32f4xx_hal_msp.c:450:6:HAL_TIM_Base_MspInit	8	static
stm32f4xx_hal_msp.c:472:6:HAL_TIM_Base_MspDeInit	0	static
stm32f4xx_hal_msp.c:494:6:HAL_UART_MspInit	40	static
stm32f4xx_hal_msp.c:530:6:HAL_UART_MspDeInit	0	static
stm32f4xx_hal_msp.c:660:6:HAL_SDRAM_MspInit	48	static
stm32f4xx_hal_msp.c:746:6:HAL_SDRAM_MspDeInit	8	static
