08:33:19 **** Incremental Build of configuration Debug for project gpio_ppp_divide_post ****
make -j4 all 
"C:\Program Files (x86)\Atollic\TrueSTUDIO for STM32 9.3.0\ide\jre\bin\java" -jar "C:\Program Files (x86)\Atollic\TrueSTUDIO for STM32 9.3.0\Tools\arm-atollic-reports.jar" sizeinfo list gpio_ppp_divide_post.elf
Generate build reports...
Print size information
   text	   data	    bss	    dec	    hex	filename
   4040	     20	   1568	   5628	   15fc	gpio_ppp_divide_post.elf
Print size information done
Generate listing file
Output sent to: gpio_ppp_divide_post.list
Generate listing file done
Generate build reports done

08:33:19 Build Finished (took 470ms)

