21:57:56 **** Incremental Build of configuration Debug for project HAL_BSP_gyro ****
make -j4 all 
"C:\Program Files (x86)\Atollic\TrueSTUDIO for STM32 9.3.0\ide\jre\bin\java" -jar "C:\Program Files (x86)\Atollic\TrueSTUDIO for STM32 9.3.0\Tools\arm-atollic-reports.jar" sizeinfo list HAL_BSP_gyro.elf
Generate build reports...
Print size information
   text	   data	    bss	    dec	    hex	filename
  21676	    540	   1912	  24128	   5e40	HAL_BSP_gyro.elf
Print size information done
Generate listing file
Output sent to: HAL_BSP_gyro.list
Generate listing file done
Generate build reports done

21:57:57 Build Finished (took 559ms)

