00:58:51 **** Incremental Build of configuration Debug for project HAL_SWV ****
make -j4 all 
"C:\Program Files (x86)\Atollic\TrueSTUDIO for STM32 9.3.0\ide\jre\bin\java" -jar "C:\Program Files (x86)\Atollic\TrueSTUDIO for STM32 9.3.0\Tools\arm-atollic-reports.jar" sizeinfo list HAL_SWV.elf
Generate build reports...
Print size information
   text	   data	    bss	    dec	    hex	filename
   7476	    120	   1648	   9244	   241c	HAL_SWV.elf
Print size information done
Generate listing file
Output sent to: HAL_SWV.list
Generate listing file done
Generate build reports done

00:58:51 Build Finished (took 564ms)

