12:55:40 **** Incremental Build of configuration Debug for project i2c_PE811QTR ****
make -j4 all 
"C:\Program Files (x86)\Atollic\TrueSTUDIO for STM32 9.3.0\ide\jre\bin\java" -jar "C:\Program Files (x86)\Atollic\TrueSTUDIO for STM32 9.3.0\Tools\arm-atollic-reports.jar" sizeinfo list i2c_PE811QTR.elf
Generate build reports...
Print size information
   text	   data	    bss	    dec	    hex	filename
  11512	    120	   1732	  13364	   3434	i2c_PE811QTR.elf
Print size information done
Generate listing file
Output sent to: i2c_PE811QTR.list
Generate listing file done
Generate build reports done

12:55:41 Build Finished (took 530ms)

