12:53:56 **** Incremental Build of configuration Debug for project I2C_BSP ****
make -j4 all 
"C:\Program Files (x86)\Atollic\TrueSTUDIO for STM32 9.3.0\ide\jre\bin\java" -jar "C:\Program Files (x86)\Atollic\TrueSTUDIO for STM32 9.3.0\Tools\arm-atollic-reports.jar" sizeinfo list I2C_BSP.elf
Generate build reports...
Print size information
   text	   data	    bss	    dec	    hex	filename
  13740	    164	   1924	  15828	   3dd4	I2C_BSP.elf
Print size information done
Generate listing file
Output sent to: I2C_BSP.list
Generate listing file done
Generate build reports done

12:53:56 Build Finished (took 531ms)

