21:45:45 **** Incremental Build of configuration Debug for project SPL_tiny_printf ****
make -j4 all 
"C:\Program Files (x86)\Atollic\TrueSTUDIO for STM32 9.3.0\ide\jre\bin\java" -jar "C:\Program Files (x86)\Atollic\TrueSTUDIO for STM32 9.3.0\Tools\arm-atollic-reports.jar" sizeinfo list SPL_tiny_printf.elf
Generate build reports...
Print size information
   text	   data	    bss	    dec	    hex	filename
   3268	     24	   1056	   4348	   10fc	SPL_tiny_printf.elf
Print size information done
Generate listing file
Output sent to: SPL_tiny_printf.list
Generate listing file done
Generate build reports done

21:45:46 Build Finished (took 679ms)

