21:57:04 **** Incremental Build of configuration Debug for project SPL_gpio_post ****
make -j4 all 
"C:\Program Files (x86)\Atollic\TrueSTUDIO for STM32 9.3.0\ide\jre\bin\java" -jar "C:\Program Files (x86)\Atollic\TrueSTUDIO for STM32 9.3.0\Tools\arm-atollic-reports.jar" sizeinfo list SPL_gpio_post.elf
Generate build reports...
Print size information
   text	   data	    bss	    dec	    hex	filename
   2160	     24	   1080	   3264	    cc0	SPL_gpio_post.elf
Print size information done
Generate listing file
Output sent to: SPL_gpio_post.list
Generate listing file done
Generate build reports done

21:57:05 Build Finished (took 483ms)

