core_cm4.h:1676:26:__NVIC_GetPriorityGrouping	4	static
core_cm4.h:1688:22:__NVIC_EnableIRQ	16	static
core_cm4.h:1816:22:__NVIC_SetPriority	16	static
core_cm4.h:1863:26:NVIC_EncodePriority	40	static
stm32f4xx_ll_usart.h:409:22:LL_USART_Enable	16	static
stm32f4xx_ll_usart.h:1478:22:LL_USART_ConfigAsyncMode	16	static
stm32f4xx_ll_usart.h:2425:22:LL_USART_TransmitData8	16	static
stm32f4xx_ll_gpio.h:911:22:LL_GPIO_ResetOutputPin	16	static
stm32f4xx_ll_bus.h:411:22:LL_AHB1_GRP1_EnableClock	24	static
stm32f4xx_ll_bus.h:1706:22:LL_APB2_GRP1_EnableClock	24	static
main.c:67:5:main	8	static
main.c:115:6:SystemClock_Config	88	static
main.c:158:13:MX_USART6_UART_Init	64	static
main.c:213:13:MX_GPIO_Init	32	static
main.c:242:6:Error_Handler	4	static
