19:07:15 **** Incremental Build of configuration Debug for project 1-3 Debug UART FC Review ****
make -j4 all 
arm-none-eabi-gcc "../Src/main.c" -mcpu=cortex-m4 -std=gnu11 -g3 -DSTM32F405xx -DUSE_HAL_DRIVER -DUSE_FULL_LL_DRIVER -DDEBUG -c -I../Inc -I../Drivers/CMSIS/Include -I../Drivers/STM32F4xx_HAL_Driver/Inc -I../Drivers/CMSIS/Device/ST/STM32F4xx/Include -I../Drivers/STM32F4xx_HAL_Driver/Inc/Legacy -O0 -ffunction-sections -fdata-sections -Wall -fstack-usage -MMD -MP -MF"Src/main.d" -MT"Src/main.o" --specs=nano.specs -mfpu=fpv4-sp-d16 -mfloat-abi=hard -mthumb -o "Src/main.o"
arm-none-eabi-gcc -o "1-3 Debug UART FC Review.elf" @"objects.list"   -mcpu=cortex-m4 -T"F:\git\stm\drone\workspace\1-3 Debug UART FC Review\STM32F405RGTX_FLASH.ld" --specs=nosys.specs -Wl,-Map="1-3 Debug UART FC Review.map" -Wl,--gc-sections -static -u _printf_float --specs=nano.specs -mfpu=fpv4-sp-d16 -mfloat-abi=hard -mthumb -Wl,--start-group -lc -lm -Wl,--end-group
Finished building target: 1-3 Debug UART FC Review.elf
 
arm-none-eabi-objdump -h -S  1-3\ Debug\ UART\ FC\ Review.elf  > "1-3 Debug UART FC Review.list"
arm-none-eabi-size   1-3\ Debug\ UART\ FC\ Review.elf 
   text	   data	    bss	    dec	    hex	filename
  22540	    484	   1588	  24612	   6024	1-3 Debug UART FC Review.elf
Finished building: default.size.stdout
 
Finished building: 1-3 Debug UART FC Review.list
 

19:07:17 Build Finished. 0 errors, 0 warnings. (took 2s.310ms)

