21:01:24 **** Incremental Build of configuration Debug for project 2-3 LPS22HH FC ****
make -j4 all 
arm-none-eabi-gcc "../Src/main.c" -mcpu=cortex-m4 -std=gnu11 -g3 -DSTM32F405xx -DUSE_HAL_DRIVER -DUSE_FULL_LL_DRIVER -DDEBUG -c -I../Inc -I../Drivers/CMSIS/Include -I../Drivers/STM32F4xx_HAL_Driver/Inc -I../Drivers/CMSIS/Device/ST/STM32F4xx/Include -I../Drivers/STM32F4xx_HAL_Driver/Inc/Legacy -O0 -ffunction-sections -fdata-sections -Wall -fstack-usage -MMD -MP -MF"Src/main.d" -MT"Src/main.o" --specs=nano.specs -mfpu=fpv4-sp-d16 -mfloat-abi=hard -mthumb -o "Src/main.o"
In file included from ../Src/main.c:32:0:
../Inc/ICM20602.h:62:0: warning: "CHIP_SELECT" redefined
 #define CHIP_SELECT(ICM20602)  LL_GPIO_ResetOutputPin(ICM20602_SPI_CS_PORT, ICM20602_SPI_CS_PIN)
 
In file included from ../Src/main.c:30:0:
../Inc/BNO080.h:85:0: note: this is the location of the previous definition
 #define CHIP_SELECT(BNO080)  LL_GPIO_ResetOutputPin(BNO080_SPI_CS_PORT, BNO080_SPI_CS_PIN)
 
In file included from ../Src/main.c:32:0:
../Inc/ICM20602.h:63:0: warning: "CHIP_DESELECT" redefined
 #define CHIP_DESELECT(ICM20602)  LL_GPIO_SetOutputPin(ICM20602_SPI_CS_PORT, ICM20602_SPI_CS_PIN)
 
In file included from ../Src/main.c:30:0:
../Inc/BNO080.h:86:0: note: this is the location of the previous definition
 #define CHIP_DESELECT(BNO080) LL_GPIO_SetOutputPin(BNO080_SPI_CS_PORT, BNO080_SPI_CS_PIN)
 
In file included from ../Src/main.c:33:0:
../Inc/LPS22HH.h:63:0: warning: "CHIP_SELECT" redefined
 #define CHIP_SELECT(LPS22HH)  LL_GPIO_ResetOutputPin(LPS22HH_SPI_CS_PORT, LPS22HH_SPI_CS_PIN)
 
In file included from ../Src/main.c:32:0:
../Inc/ICM20602.h:62:0: note: this is the location of the previous definition
 #define CHIP_SELECT(ICM20602)  LL_GPIO_ResetOutputPin(ICM20602_SPI_CS_PORT, ICM20602_SPI_CS_PIN)
 
In file included from ../Src/main.c:33:0:
../Inc/LPS22HH.h:64:0: warning: "CHIP_DESELECT" redefined
 #define CHIP_DESELECT(LPS22HH)  LL_GPIO_SetOutputPin(LPS22HH_SPI_CS_PORT, LPS22HH_SPI_CS_PIN)
 
In file included from ../Src/main.c:32:0:
../Inc/ICM20602.h:63:0: note: this is the location of the previous definition
 #define CHIP_DESELECT(ICM20602)  LL_GPIO_SetOutputPin(ICM20602_SPI_CS_PORT, ICM20602_SPI_CS_PIN)
 
In file included from ../Src/main.c:33:0:
../Inc/LPS22HH.h:77:0: warning: "WHO_AM_I" redefined
 #define WHO_AM_I  0x0F
 
In file included from ../Src/main.c:32:0:
../Inc/ICM20602.h:130:0: note: this is the location of the previous definition
 #define WHO_AM_I 0x75 //The default value of the register is 0x12.
 
In file included from ../Src/main.c:33:0:
../Inc/LPS22HH.h:96:0: warning: "TEMP_OUT_L" redefined
 #define TEMP_OUT_L  0x2B
 
In file included from ../Src/main.c:32:0:
../Inc/ICM20602.h:109:0: note: this is the location of the previous definition
 #define TEMP_OUT_L 0x42
 
In file included from ../Src/main.c:33:0:
../Inc/LPS22HH.h:97:0: warning: "TEMP_OUT_H" redefined
 #define TEMP_OUT_H  0x2C
 
In file included from ../Src/main.c:32:0:
../Inc/ICM20602.h:108:0: note: this is the location of the previous definition
 #define TEMP_OUT_H 0x41
 
../Src/main.c: In function 'main':
../Src/main.c:87:8: warning: unused variable 'quatRadianAccuracy' [-Wunused-variable]
  float quatRadianAccuracy;
        ^~~~~~~~~~~~~~~~~~
../Src/main.c:86:8: warning: unused variable 'q' [-Wunused-variable]
  float q[4];
        ^
arm-none-eabi-gcc -o "2-3 LPS22HH FC.elf" @"objects.list"   -mcpu=cortex-m4 -T"F:\git\stm\drone\workspace\2-3 LPS22HH FC\STM32F405RGTX_FLASH.ld" --specs=nosys.specs -Wl,-Map="2-3 LPS22HH FC.map" -Wl,--gc-sections -static --specs=nano.specs -mfpu=fpv4-sp-d16 -mfloat-abi=hard -mthumb -Wl,--start-group -lc -lm -Wl,--end-group
Finished building target: 2-3 LPS22HH FC.elf
 
arm-none-eabi-objdump -h -S  2-3\ LPS22HH\ FC.elf  > "2-3 LPS22HH FC.list"
arm-none-eabi-size   2-3\ LPS22HH\ FC.elf 
   text	   data	    bss	    dec	    hex	filename
  24312	    124	   1844	  26280	   66a8	2-3 LPS22HH FC.elf
Finished building: default.size.stdout
 
Finished building: 2-3 LPS22HH FC.list
 

21:01:27 Build Finished. 0 errors, 9 warnings. (took 2s.401ms)

